	brillouin_d
S100.8123_S2	3.799960122182443
S101.8118_S3	4.222685365709805
S102.8145_S4	2.691644317754005
S103.8150_S5	4.1636474525117295
S104.8162_S6	3.7244268638318463
S105.8151_S7	3.161580455693579
S106.8079_S8	2.626242272440307
S107.8192_S9	2.584522366501915
S108.8103_S10	3.1765288186874234
S109.8446_S11	4.359711062599121
S110.8096_S12	3.2050528952639628
S111.8449_S13	3.8270940865725223
S112.8459_S14	3.9794381843235196
S113.8451_S15	3.8325651411455444
S114.8452_S16	3.1423497115355947
S115.8234_S17	3.7484944572950774
S116.8209_S18	3.4907270666944687
S117.8026_S19	3.830943944506197
S118.8490_S20	3.2370672735943335
S119.8130_S21	3.418134501928283
S120.8477_S22	4.305224289066594
S121.8264_S23	3.6820563786381624
S122.8134_S24	4.638112550618953
S123.8176_S25	3.5123288961285724
S124.8224_S26	3.8353639173810494
S125.8210_S27	3.5386468248774547
S126.8135_S28	4.441562478199696
S127.8112_S29	3.543109586517419
S128.8202_S30	3.917673081693028
S129.8204_S31	2.816384348784571
S130.8507_S32	4.079296802187646
S131.8274_S33	3.6926273918051913
S132.8297_S34	4.126310698971323
S133.8222_S35	3.2289737938223593
S134.8546_S36	3.2186951892834283
S135.8381_S37	3.6138242929687845
S136.8391_S38	3.8090250652704314
S137.8574_S39	4.761380868936215
S138.8047_S40	3.1726401010777288
S139.8583_S41	4.613778125709649
S140.8013_S42	3.859165597177892
S141.8080_S43	3.9993517622698715
S142.8621_S44	3.8548638536809854
S143.8071_S45	4.320187571989166
S144.8417_S46	3.337452722344047
S145.8371_S47	3.9177428986680294
S146.8430_S48	4.2164002529662294
S147.8369_S49	4.175824890169518
S148.8242_S50	2.9362901656884643
S149.8312_S51	3.9316809148932474
